../Core/Src/stm32f4xx_it.c:7:6:TIM2_IRQHandler	8	static
../Core/Src/stm32f4xx_it.c:12:6:TIM4_IRQHandler	8	static
../Core/Src/stm32f4xx_it.c:17:6:NMI_Handler	4	static
../Core/Src/stm32f4xx_it.c:22:6:HardFault_Handler	4	static
../Core/Src/stm32f4xx_it.c:27:6:MemManage_Handler	4	static
../Core/Src/stm32f4xx_it.c:32:6:BusFault_Handler	4	static
../Core/Src/stm32f4xx_it.c:37:6:UsageFault_Handler	4	static
../Core/Src/stm32f4xx_it.c:42:6:SVC_Handler	4	static
../Core/Src/stm32f4xx_it.c:47:6:DebugMon_Handler	4	static
../Core/Src/stm32f4xx_it.c:52:6:PendSV_Handler	4	static
../Core/Src/stm32f4xx_it.c:57:6:SysTick_Handler	8	static
