../Core/Src/stm32f4xx_it.c:4:6:NMI_Handler	4	static
../Core/Src/stm32f4xx_it.c:9:6:HardFault_Handler	4	static
../Core/Src/stm32f4xx_it.c:15:6:MemManage_Handler	4	static
../Core/Src/stm32f4xx_it.c:20:6:BusFault_Handler	4	static
../Core/Src/stm32f4xx_it.c:25:6:UsageFault_Handler	4	static
../Core/Src/stm32f4xx_it.c:30:6:SVC_Handler	4	static
../Core/Src/stm32f4xx_it.c:35:6:DebugMon_Handler	4	static
../Core/Src/stm32f4xx_it.c:40:6:PendSV_Handler	4	static
../Core/Src/stm32f4xx_it.c:45:6:SysTick_Handler	8	static
../Core/Src/stm32f4xx_it.c:50:6:EXTI0_IRQHandler	8	static
